ERROR: Fallo en la base de datos
ERROR: Conexión perdida
